../Core/Src/main.c:93:6:UART_SendString	16	static
../Core/Src/main.c:97:6:delay_us	16	static
../Core/Src/main.c:103:6:DHT11_SetPinOutput	32	static
../Core/Src/main.c:113:6:DHT11_SetPinInput	32	static
../Core/Src/main.c:122:6:DHT11_Start	8	static
../Core/Src/main.c:132:9:DHT11_CheckResponse	16	static
../Core/Src/main.c:156:9:DHT11_ReadByte	24	static
../Core/Src/main.c:189:9:DHT11_ReadData	24	static
../Core/Src/main.c:217:6:Control_Motor	16	static
../Core/Src/main.c:248:5:main	104	static
../Core/Src/main.c:335:6:SystemClock_Config	88	static
../Core/Src/main.c:382:13:MX_ADC1_Init	24	static
../Core/Src/main.c:434:13:MX_TIM2_Init	32	static
../Core/Src/main.c:479:13:MX_TIM3_Init	64	static
../Core/Src/main.c:542:13:MX_USART3_UART_Init	8	static
../Core/Src/main.c:575:13:MX_GPIO_Init	48	static
../Core/Src/main.c:651:6:StartDefaultTask	16	static
../Core/Src/main.c:679:6:StartTask02	184	static
../Core/Src/main.c:735:6:StartTask03	80	static
../Core/Src/main.c:780:6:Error_Handler	4	static,ignoring_inline_asm
