../Core/Src/main.c:117:6:UART_SendString	16	static
../Core/Src/main.c:121:6:delay_us	16	static
../Core/Src/main.c:127:6:DHT11_SetPinOutput	32	static
../Core/Src/main.c:137:6:DHT11_SetPinInput	32	static
../Core/Src/main.c:146:6:DHT11_Start	8	static
../Core/Src/main.c:156:9:DHT11_CheckResponse	16	static
../Core/Src/main.c:180:9:DHT11_ReadByte	24	static
../Core/Src/main.c:213:9:DHT11_ReadData	24	static
../Core/Src/main.c:241:6:Control_Motor	16	static
../Core/Src/main.c:272:5:main	104	static
../Core/Src/main.c:361:6:SystemClock_Config	88	static
../Core/Src/main.c:408:13:MX_ADC1_Init	24	static
../Core/Src/main.c:460:13:MX_CAN1_Init	8	static
../Core/Src/main.c:497:13:MX_TIM2_Init	32	static
../Core/Src/main.c:542:13:MX_TIM3_Init	64	static
../Core/Src/main.c:605:13:MX_USART3_UART_Init	8	static
../Core/Src/main.c:638:13:MX_GPIO_Init	48	static
../Core/Src/main.c:704:6:CAN_App_Init	48	static
../Core/Src/main.c:725:19:CAN_Send_SensorFrame	48	static
../Core/Src/main.c:748:6:HAL_CAN_RxFifo0MsgPendingCallback	56	static
../Core/Src/main.c:783:6:StartDefaultTask	24	static
../Core/Src/main.c:835:6:StartTask02	184	static
../Core/Src/main.c:904:6:StartTask03	80	static
../Core/Src/main.c:950:6:Error_Handler	4	static,ignoring_inline_asm
